Last CI/CD Update: 01/22/2026 10:38:47
